
user@WIN-CLSTJ0U6L9V MINGW64 /
$ cd ~

user@WIN-CLSTJ0U6L9V MINGW64 ~
$ cd repo

user@WIN-CLSTJ0U6L9V MINGW64 ~/repo (master)
$ git status
On branch master
nothing to commit, working tree clean

user@WIN-CLSTJ0U6L9V MINGW64 ~/repo (master)
$ git log --oneline
0d32f63 (HEAD -> master) Resolve merge conflict, keep test_feature changes
9a5c39a Add another test code to code.txt
72ca3c2 (test_feature) Add testing feature to code.txt
a38af0c (experiment) Add experimental code to code.txt
35b43b3 Merge branch 'cool_feature'
e710354 Add one more code block to code.txt
c14286b Add bahfkjhajhakjkjahankjcl to .gitignore
89be540 Add one more code block to code.txt
7b73e34 (cool_feature) Add module.txt with brand new feature
dff4985 Add .gitignore to ignore PNG files
87fc80a Updated code.txt with configuration reading
e70570c Added config.txt with configuration information
326e4a2 Updated code.txt with a new comment
75082b3 Update code.txt with a new comment
d7ee449 Updated code.txt with configuration reading
2179c8e Updated code.txt with a new comment
637eedd added some really great code

user@WIN-CLSTJ0U6L9V MINGW64 ~/repo (master)
$ git branch testing

user@WIN-CLSTJ0U6L9V MINGW64 ~/repo (master)
$ git checkout testing
Switched to branch 'testing'

user@WIN-CLSTJ0U6L9V MINGW64 ~/repo (testing)
$ echo "some new code" >> module.txt

user@WIN-CLSTJ0U6L9V MINGW64 ~/repo (testing)
$ git add module.txt
warning: in the working copy of 'module.txt', LF will be replaced by CRLF the next time Git touches it

user@WIN-CLSTJ0U6L9V MINGW64 ~/repo (testing)
$ git commit -m "Add some new code to module.txt"
[testing 48151fb] Add some new code to module.txt
 1 file changed, 1 insertion(+)

user@WIN-CLSTJ0U6L9V MINGW64 ~/repo (testing)
$ echo "and more new code" >> module.txt

user@WIN-CLSTJ0U6L9V MINGW64 ~/repo (testing)
$ git add module.txt
warning: in the working copy of 'module.txt', LF will be replaced by CRLF the next time Git touches it

user@WIN-CLSTJ0U6L9V MINGW64 ~/repo (testing)
$ git commit -m "Add more new code to module.txt"
[testing ada6e61] Add more new code to module.txt
 1 file changed, 1 insertion(+)

user@WIN-CLSTJ0U6L9V MINGW64 ~/repo (testing)
$ git rebase master
Current branch testing is up to date.

user@WIN-CLSTJ0U6L9V MINGW64 ~/repo (testing)
$ git checkout master
Switched to branch 'master'

user@WIN-CLSTJ0U6L9V MINGW64 ~/repo (master)
$ git merge testing
Updating 0d32f63..ada6e61
Fast-forward
 module.txt | 2 ++
 1 file changed, 2 insertions(+)

user@WIN-CLSTJ0U6L9V MINGW64 ~/repo (master)
$ git status
On branch master
nothing to commit, working tree clean

user@WIN-CLSTJ0U6L9V MINGW64 ~/repo (master)
$ git log --oneline
ada6e61 (HEAD -> master, testing) Add more new code to module.txt
48151fb Add some new code to module.txt
0d32f63 Resolve merge conflict, keep test_feature changes
9a5c39a Add another test code to code.txt
72ca3c2 (test_feature) Add testing feature to code.txt
a38af0c (experiment) Add experimental code to code.txt
35b43b3 Merge branch 'cool_feature'
e710354 Add one more code block to code.txt
c14286b Add bahfkjhajhakjkjahankjcl to .gitignore
89be540 Add one more code block to code.txt
7b73e34 (cool_feature) Add module.txt with brand new feature
dff4985 Add .gitignore to ignore PNG files
87fc80a Updated code.txt with configuration reading
e70570c Added config.txt with configuration information
326e4a2 Updated code.txt with a new comment
75082b3 Update code.txt with a new comment
d7ee449 Updated code.txt with configuration reading
2179c8e Updated code.txt with a new comment
637eedd added some really great code


